[odiseo.uatf.edu.bo/login.html]
[backblue.gif]
[fade.gif]
[index.html]
[odiseo.uatf.edu.bo/assets/css/material/app.min.css]
[odiseo.uatf.edu.bo/assets/img/login-bg/login-bg-19.jpg]
[odiseo.uatf.edu.bo/assets/img/login-bg/login-bg-15.jpg]
[odiseo.uatf.edu.bo/assets/img/login-bg/login-bg-12.jpg]
[odiseo.uatf.edu.bo/assets/js/app.min.js]
[odiseo.uatf.edu.bo/assets/js/theme/material.min.js]
[odiseo.uatf.edu.bo/assets/js/demo/login-v2.demo.js]
[odiseo.uatf.edu.bo/login.html]
[odiseo.uatf.edu.bo/assets/css/webfonts/fa-brands-400.eot]
[odiseo.uatf.edu.bo/assets/css/webfonts/fa-brands-400d41d.eot]
[odiseo.uatf.edu.bo/assets/css/webfonts/fa-brands-400.woff2]
[odiseo.uatf.edu.bo/assets/css/webfonts/fa-brands-400.woff]
[odiseo.uatf.edu.bo/assets/css/webfonts/fa-brands-400.ttf]
[odiseo.uatf.edu.bo/assets/css/webfonts/fa-brands-400.svg]
[odiseo.uatf.edu.bo/assets/css/webfonts/fa-regular-400.eot]
[odiseo.uatf.edu.bo/assets/css/webfonts/fa-regular-400d41d.eot]
[odiseo.uatf.edu.bo/assets/css/webfonts/fa-regular-400.woff2]
[odiseo.uatf.edu.bo/assets/css/webfonts/fa-regular-400.woff]
[odiseo.uatf.edu.bo/assets/css/webfonts/fa-regular-400.ttf]
[odiseo.uatf.edu.bo/assets/css/webfonts/fa-regular-400.svg]
[odiseo.uatf.edu.bo/assets/css/webfonts/fa-solid-900.eot]
[odiseo.uatf.edu.bo/assets/css/webfonts/fa-solid-900d41d.eot]
[odiseo.uatf.edu.bo/assets/css/webfonts/fa-solid-900.woff2]
[odiseo.uatf.edu.bo/assets/css/webfonts/fa-solid-900.woff]
[odiseo.uatf.edu.bo/assets/css/webfonts/fa-solid-900.ttf]
[odiseo.uatf.edu.bo/assets/css/webfonts/fa-solid-900.svg]
[odiseo.uatf.edu.bo/assets/css/material/images/cover-sidebar-user.jpg]
[odiseo.uatf.edu.bo/assets/css/material/images/cover-sidebar.jpg]
[odiseo.uatf.edu.bo/assets/css/material/images/cover-pattern.png]
[odiseo.uatf.edu.bo/assets/css/material/images/coming-soon.jpg]
[odiseo.uatf.edu.bo/assets/css/material/images/error-page-pattern.png]
[odiseo.uatf.edu.bo/assets/css/material/images/profile-cover.jpg]
[odiseo.uatf.edu.bo/assets/css/material/app.min.css]
[odiseo.uatf.edu.bo/assets/css/webfonts/fa-brands-400.svg]
[odiseo.uatf.edu.bo/assets/css/webfonts/fa-regular-400.svg]
[odiseo.uatf.edu.bo/assets/css/webfonts/fa-solid-900.svg]
