[estudiantes.uatf.edu.bo/login.html]
[backblue.gif]
[fade.gif]
[index.html]
[estudiantes.uatf.edu.bo/css/app.css]
[estudiantes.uatf.edu.bo/enviarPassword.html]
[estudiantes.uatf.edu.bo/js/app.js]
[estudiantes.uatf.edu.bo/index.html]
[estudiantes.uatf.edu.bo/js/jquery-3.1.1.min.js]
[estudiantes.uatf.edu.bo/login.html]
[estudiantes.uatf.edu.bo/js/sweetalert.min.js]
[estudiantes.uatf.edu.bo/fonts/glyphicons-halflings-regularab2e.eot]
[estudiantes.uatf.edu.bo/css/app.css]
[estudiantes.uatf.edu.bo/index.html]
[estudiantes.uatf.edu.bo/css/bootstrap.min.css]
[estudiantes.uatf.edu.bo/css/bootstrap-datetimepicker.min.css]
[estudiantes.uatf.edu.bo/js/jquery2_1_3.min.js]
[estudiantes.uatf.edu.bo/js/bootstrap.min.js]
[estudiantes.uatf.edu.bo/js/moment-with-locales.min.js]
[estudiantes.uatf.edu.bo/js/bootstrap-datetimepicker.min.js]
[estudiantes.uatf.edu.bo/js/es.js]
[estudiantes.uatf.edu.bo/enviarPassword.html]
[estudiantes.uatf.edu.bo/fonts/glyphicons-halflings-regularab2e.html]
[estudiantes.uatf.edu.bo/fonts/glyphicons-halflings-regular.eot]
[estudiantes.uatf.edu.bo/fonts/glyphicons-halflings-regulard41d.eot]
[estudiantes.uatf.edu.bo/fonts/glyphicons-halflings-regular.woff2]
[estudiantes.uatf.edu.bo/fonts/glyphicons-halflings-regular.woff]
[estudiantes.uatf.edu.bo/fonts/glyphicons-halflings-regular.ttf]
[estudiantes.uatf.edu.bo/fonts/glyphicons-halflings-regular.svg]
[estudiantes.uatf.edu.bo/css/bootstrap.min.css]
[estudiantes.uatf.edu.bo/css/bootstrap-datetimepicker.min.css]
[estudiantes.uatf.edu.bo/fonts/glyphicons-halflings-regular.html]
[estudiantes.uatf.edu.bo/fonts/glyphicons-halflings-regulard41d.html]
[estudiantes.uatf.edu.bo/fonts/glyphicons-halflings-regular-2.html]
[estudiantes.uatf.edu.bo/fonts/glyphicons-halflings-regular-3.html]
[estudiantes.uatf.edu.bo/fonts/glyphicons-halflings-regular-4.html]
