[backblue.gif]
[fade.gif]
[index.html]
[svr4.uatf.edu.bo/docente_v_2/imgs/uatf.ico]
[svr4.uatf.edu.bo/docente_v_2/imgs/utf.jpg]
[svr4.uatf.edu.bo/docente_v_2/js/jquery-1.11.1.min.js]
[svr4.uatf.edu.bo/docente_v_2/js/bootstrap.min.js]
[svr4.uatf.edu.bo/docente_v_2/index52bb.html]
[svr4.uatf.edu.bo/docente_v_2/fonts/glyphicons-halflings-regular.eot]
[svr4.uatf.edu.bo/docente_v_2/fonts/glyphicons-halflings-regulard41d.eot]
[svr4.uatf.edu.bo/docente_v_2/fonts/glyphicons-halflings-regular.woff]
[svr4.uatf.edu.bo/docente_v_2/fonts/glyphicons-halflings-regular.ttf]
[svr4.uatf.edu.bo/docente_v_2/css/bootstrap.min.css]
[svr4.uatf.edu.bo/docente_v_2/imgs/smsu.png]
[svr4.uatf.edu.bo/docente_v_2/rclave4.html]
[svr4.uatf.edu.bo/docente_v_2/index8e9a.html]
[svr4.uatf.edu.bo/docente_v_2/index5bfd.html]
[svr4.uatf.edu.bo/docente_v_2/index8cf3.html]
[svr4.uatf.edu.bo/docente_v_2/index5c36.html]
[svr4.uatf.edu.bo/docente_v_2/index033f.html]
[svr4.uatf.edu.bo/docente_v_2/index55f4.html]
[svr4.uatf.edu.bo/docente_v_2/indexc3d0.html]
[svr4.uatf.edu.bo/docente_v_2/index7967.html]
[svr4.uatf.edu.bo/docente_v_2/index80c7.html]
[svr4.uatf.edu.bo/docente_v_2/index9ba6.html]
[svr4.uatf.edu.bo/docente_v_2/index0b27.html]
[svr4.uatf.edu.bo/docente_v_2/index23a2.html]
[svr4.uatf.edu.bo/docente_v_2/index0dff.html]
[svr4.uatf.edu.bo/docente_v_2/fonts/glyphicons-halflings-regular.html]
[svr4.uatf.edu.bo/docente_v_2/fonts/glyphicons-halflings-regular.svg]
[svr4.uatf.edu.bo/docente_v_2/index.html]
[svr4.uatf.edu.bo/docente_v_2/imgs/forgotpassword_k.png]
[svr4.uatf.edu.bo/docente_v_2/rclave.html]
