[virtual.uatf.edu.bo/login/index.html]
[backblue.gif]
[fade.gif]
[index.html]
[virtual.uatf.edu.bo/pluginfile.php/1/core_admin/favicon/64x64/1726255425/Escudo_Universidad_Autónoma_Tomás_Frías(1).png]
[virtual.uatf.edu.bo/theme/combob48b]
[virtual.uatf.edu.bo/theme/almondb/style/frontpage.css]
[virtual.uatf.edu.bo/theme/almondb/style/splide.min.css]
[virtual.uatf.edu.bo/lib/javascript.php/1726255425/lib/polyfills/javascript.php]
[virtual.uatf.edu.bo/theme/combob2dc]
[virtual.uatf.edu.bo/lib/javascript.php/1726255425/lib/javascript.php]
[virtual.uatf.edu.bo/pluginfile.php/1/core_admin/logo/0x200/1726255425/SUBIR (1) (1) (1) (1).png]
[virtual.uatf.edu.bo/login/forgot_password.html]
[virtual.uatf.edu.bo/login/indexc69a.html]
[virtual.uatf.edu.bo/lib/javascript.php/1726255425/lib/requirejs/javascript.php]
[cdn.jsdelivr.net/npm/mathjax@2.7.9/MathJax9b39.js]
[virtual.uatf.edu.bo/lib/javascript.php/1726255425/theme/almondb/js/javascript.php]
[virtual.uatf.edu.bo/login/index.html]
[virtual.uatf.edu.bo/lib/javascript.php/1726255425/theme/almondb/js/javascript-2.php]
[virtual.uatf.edu.bo/theme/combob48b]
[virtual.uatf.edu.bo/theme/almondb/style/frontpage.css]
[virtual.uatf.edu.bo/theme/almondb/style/splide.min.css]
[virtual.uatf.edu.bo/login/forgot_password.html]
[virtual.uatf.edu.bo/login/index9ed2.html]
[virtual.uatf.edu.bo/login/indexc69a.html]
[virtual.uatf.edu.bo/theme/yui_imagecb5c.html]
[virtual.uatf.edu.bo/login/index9ed2.html]
